This file was created via the MCP protocol!